// Jest Snapshot v1, https://goo.gl/fbAQLP

exports[`<Container /> should render as div by default 1`] = `
<div>
  <div />
</div>
`;

exports[`<Container /> should render as header 1`] = `
<header>
  <div />
</header>
`;

exports[`<Container /> should render as section 1`] = `
<section>
  <div />
</section>
`;
